live classroom → http://localhost:8088  students=60 minutes=3 timescale=1 askai=0 offline=0.4 nosubmit=0.1 bots=0.05
quiz open, 2 questions, 15 min limit

latency by phase (ms)
  phase      n     p50    p95    p99    max  err
  enter       60       9     35     93     93    0
  start       60      10     47     73     73    0
  ingest    4144      10     27     48    141    0
  snapshot   324       7     22     36     87    0
  doc         60      26     73     88     88    0
  submit      55       7     30     40     40    0
  export      55      14     45     57     57    0

wall 233s · students 60 · words written 8033 · wpm range 30–109
events sent 43122 · acknowledged 43122 (ALL) · batches 4144 · snapshots 324
server replay == client doc: 60/60
submitted 55/55 wanted · left for the sweeper 5 · offline-outage students 26 (all drained: true)
Ask AI: 0/0 ok
models: markov×38, personality×11, profile:nervous×4, robotic×7
instructor list: eventCount==sent for 60/60 · late-stamped 0 · late-arrived 0 · submitted without metrics 0

PASS — every expectation held
EXIT
